// Vitest Snapshot v1, https://vitest.dev/guide/snapshot.html

exports[`renderMapReplyMarkdown > renders the recorded rent-control reply 1`] = `
"**Argumend map: Does rent control make housing less affordable in the long run?**
The map's claim: Rent control policies reduce housing affordability in the long run by discouraging new construction and reducing housing supply.

The largest share of this thread (4 of 8 turns) is arguing about **Supply Effects**. 1 of 8 turns was not an argument about the topic. Some turns argue about different sections of the map as if they were one disagreement. A key term is being used to mean different things.

**Pattern:** Mixed disagreement.

**The crux for this section:** The Construction Response Test. Measure whether rent control policies with new-construction exemptions actually reduce housing starts compared to unregulated markets. If construction rates decline in rent-controlled jurisdictions even when new buildings are exempt, the supply argument holds. If construction is unaffected or responds primarily to zoning and land-use policy, the supply critique is overstated.

**Strongest evidence in this section:**
- Supports the map's claim: Stanford Study: San Francisco Rent Control Reduced Rental Supply by 15%. Diamond, McQuade & Qian, American Economic Review, 109(9): 3365-94 (2019)
- Cuts against the map's claim: Portland-Area Permits Rose After Oregon's 2019 Rent Cap. Oregon Office of Economic Analysis; US Census Building Permits Survey

**Cruxes this thread touched:** The Construction Response Test | The Supply Response Timeline Test
**Never reached:** The Displacement vs Mobility Net Welfare Test

Full map: https://argumend.org/topics/rent-control-effectiveness"
`;
